type octile
height 80
width 59
map
...........................................................
...........................................................
..@@...@@...@@...@@...@@...@@...@@...@@...@@...@@...@@.....
...........................................................
...........................................................
...........................................................
..@@...@@...@@...@@...@@...@@...@@...@@...@@...@@...@@.....
...........................................................
...........................................................
...........................................................
..@@...@@...@@...@@...@@...@@...@@...@@...@@...@@...@@.....
...........................................................
...........................................................
...........................................................
..@@...@@...@@...@@...@@...@@...@@...@@...@@...@@...@@.....
...........................................................
...........................................................
...........................................................
..@@...@@...@@...@@...@@...@@...@@...@@...@@...@@...@@.....
...........................................................
...........................................................
...........................................................
..@@...@@...@@...@@...@@...@@...@@...@@...@@...@@...@@.....
...........................................................
...........................................................
...........................................................
..@@...@@...@@...@@...@@...@@...@@...@@...@@...@@...@@.....
...........................................................
...........................................................
...........................................................
..@@...@@...@@...@@...@@...@@...@@...@@...@@...@@...@@.....
...........................................................
...........................................................
...........................................................
..@@...@@...@@...@@...@@...@@...@@...@@...@@...@@...@@.....
...........................................................
...........................................................
...........................................................
..@@...@@...@@...@@...@@...@@...@@...@@...@@...@@...@@.....
...........................................................
...........................................................
...........................................................
..@@...@@...@@...@@...@@...@@...@@...@@...@@...@@...@@.....
...........................................................
...........................................................
...........................................................
..@@...@@...@@...@@...@@...@@...@@...@@...@@...@@...@@.....
...........................................................
...........................................................
...........................................................
..@@...@@...@@...@@...@@...@@...@@...@@...@@...@@...@@.....
...........................................................
...........................................................
...........................................................
..@@...@@...@@...@@...@@...@@...@@...@@...@@...@@...@@.....
...........................................................
...........................................................
...........................................................
..@@...@@...@@...@@...@@...@@...@@...@@...@@...@@...@@.....
...........................................................
...........................................................
...........................................................
..@@...@@...@@...@@...@@...@@...@@...@@...@@...@@...@@.....
...........................................................
...........................................................
...........................................................
..@@...@@...@@...@@...@@...@@...@@...@@...@@...@@...@@.....
...........................................................
...........................................................
...........................................................
..@@...@@...@@...@@...@@...@@...@@...@@...@@...@@...@@.....
...........................................................
...........................................................
...........................................................
..@@...@@...@@...@@...@@...@@...@@...@@...@@...@@...@@.....
...........................................................
...........................................................
...........................................................
...........................................................
...........................................................
