type octile
height 130
width 524
map
............................................................................................................................................................................................................................................................................................................................................................................................................................................................................................................................................
............................................................................................................................................................................................................................................................................................................................................................................................................................................................................................................................................
..@@........@@........@@........@@........@@........@@........@@........@@........@@........@@........@@........@@........@@........@@........@@........@@........@@........@@........@@........@@........@@........@@........@@........@@........@@........@@........@@........@@........@@........@@........@@........@@........@@........@@........@@........@@........@@........@@........@@........@@........@@........@@........@@........@@........@@........@@........@@........@@........@@........@@........@@........@@..........
............................................................................................................................................................................................................................................................................................................................................................................................................................................................................................................................................
............................................................................................................................................................................................................................................................................................................................................................................................................................................................................................................................................
............................................................................................................................................................................................................................................................................................................................................................................................................................................................................................................................................
............................................................................................................................................................................................................................................................................................................................................................................................................................................................................................................................................
............................................................................................................................................................................................................................................................................................................................................................................................................................................................................................................................................
............................................................................................................................................................................................................................................................................................................................................................................................................................................................................................................................................
............................................................................................................................................................................................................................................................................................................................................................................................................................................................................................................................................
............................................................................................................................................................................................................................................................................................................................................................................................................................................................................................................................................
..@@........@@........@@........@@........@@........@@........@@........@@........@@........@@........@@........@@........@@........@@........@@........@@........@@........@@........@@........@@........@@........@@........@@........@@........@@........@@........@@........@@........@@........@@........@@........@@........@@........@@........@@........@@........@@........@@........@@........@@........@@........@@........@@........@@........@@........@@........@@........@@........@@........@@........@@........@@..........
............................................................................................................................................................................................................................................................................................................................................................................................................................................................................................................................................
............................................................................................................................................................................................................................................................................................................................................................................................................................................................................................................................................
............................................................................................................................................................................................................................................................................................................................................................................................................................................................................................................................................
............................................................................................................................................................................................................................................................................................................................................................................................................................................................................................................................................
............................................................................................................................................................................................................................................................................................................................................................................................................................................................................................................................................
............................................................................................................................................................................................................................................................................................................................................................................................................................................................................................................................................
............................................................................................................................................................................................................................................................................................................................................................................................................................................................................................................................................
............................................................................................................................................................................................................................................................................................................................................................................................................................................................................................................................................
..@@........@@........@@........@@........@@........@@........@@........@@........@@........@@........@@........@@........@@........@@........@@........@@........@@........@@........@@........@@........@@........@@........@@........@@........@@........@@........@@........@@........@@........@@........@@........@@........@@........@@........@@........@@........@@........@@........@@........@@........@@........@@........@@........@@........@@........@@........@@........@@........@@........@@........@@........@@..........
............................................................................................................................................................................................................................................................................................................................................................................................................................................................................................................................................
............................................................................................................................................................................................................................................................................................................................................................................................................................................................................................................................................
............................................................................................................................................................................................................................................................................................................................................................................................................................................................................................................................................
............................................................................................................................................................................................................................................................................................................................................................................................................................................................................................................................................
............................................................................................................................................................................................................................................................................................................................................................................................................................................................................................................................................
............................................................................................................................................................................................................................................................................................................................................................................................................................................................................................................................................
............................................................................................................................................................................................................................................................................................................................................................................................................................................................................................................................................
............................................................................................................................................................................................................................................................................................................................................................................................................................................................................................................................................
..@@........@@........@@........@@........@@........@@........@@........@@........@@........@@........@@........@@........@@........@@........@@........@@........@@........@@........@@........@@........@@........@@........@@........@@........@@........@@........@@........@@........@@........@@........@@........@@........@@........@@........@@........@@........@@........@@........@@........@@........@@........@@........@@........@@........@@........@@........@@........@@........@@........@@........@@........@@..........
............................................................................................................................................................................................................................................................................................................................................................................................................................................................................................................................................
............................................................................................................................................................................................................................................................................................................................................................................................................................................................................................................................................
............................................................................................................................................................................................................................................................................................................................................................................................................................................................................................................................................
............................................................................................................................................................................................................................................................................................................................................................................................................................................................................................................................................
............................................................................................................................................................................................................................................................................................................................................................................................................................................................................................................................................
............................................................................................................................................................................................................................................................................................................................................................................................................................................................................................................................................
............................................................................................................................................................................................................................................................................................................................................................................................................................................................................................................................................
............................................................................................................................................................................................................................................................................................................................................................................................................................................................................................................................................
..@@........@@........@@........@@........@@........@@........@@........@@........@@........@@........@@........@@........@@........@@........@@........@@........@@........@@........@@........@@........@@........@@........@@........@@........@@........@@........@@........@@........@@........@@........@@........@@........@@........@@........@@........@@........@@........@@........@@........@@........@@........@@........@@........@@........@@........@@........@@........@@........@@........@@........@@........@@..........
............................................................................................................................................................................................................................................................................................................................................................................................................................................................................................................................................
............................................................................................................................................................................................................................................................................................................................................................................................................................................................................................................................................
............................................................................................................................................................................................................................................................................................................................................................................................................................................................................................................................................
............................................................................................................................................................................................................................................................................................................................................................................................................................................................................................................................................
............................................................................................................................................................................................................................................................................................................................................................................................................................................................................................................................................
............................................................................................................................................................................................................................................................................................................................................................................................................................................................................................................................................
............................................................................................................................................................................................................................................................................................................................................................................................................................................................................................................................................
............................................................................................................................................................................................................................................................................................................................................................................................................................................................................................................................................
..@@........@@........@@........@@........@@........@@........@@........@@........@@........@@........@@........@@........@@........@@........@@........@@........@@........@@........@@........@@........@@........@@........@@........@@........@@........@@........@@........@@........@@........@@........@@........@@........@@........@@........@@........@@........@@........@@........@@........@@........@@........@@........@@........@@........@@........@@........@@........@@........@@........@@........@@........@@..........
............................................................................................................................................................................................................................................................................................................................................................................................................................................................................................................................................
............................................................................................................................................................................................................................................................................................................................................................................................................................................................................................................................................
............................................................................................................................................................................................................................................................................................................................................................................................................................................................................................................................................
............................................................................................................................................................................................................................................................................................................................................................................................................................................................................................................................................
............................................................................................................................................................................................................................................................................................................................................................................................................................................................................................................................................
............................................................................................................................................................................................................................................................................................................................................................................................................................................................................................................................................
............................................................................................................................................................................................................................................................................................................................................................................................................................................................................................................................................
............................................................................................................................................................................................................................................................................................................................................................................................................................................................................................................................................
..@@........@@........@@........@@........@@........@@........@@........@@........@@........@@........@@........@@........@@........@@........@@........@@........@@........@@........@@........@@........@@........@@........@@........@@........@@........@@........@@........@@........@@........@@........@@........@@........@@........@@........@@........@@........@@........@@........@@........@@........@@........@@........@@........@@........@@........@@........@@........@@........@@........@@........@@........@@..........
............................................................................................................................................................................................................................................................................................................................................................................................................................................................................................................................................
............................................................................................................................................................................................................................................................................................................................................................................................................................................................................................................................................
............................................................................................................................................................................................................................................................................................................................................................................................................................................................................................................................................
............................................................................................................................................................................................................................................................................................................................................................................................................................................................................................................................................
............................................................................................................................................................................................................................................................................................................................................................................................................................................................................................................................................
............................................................................................................................................................................................................................................................................................................................................................................................................................................................................................................................................
............................................................................................................................................................................................................................................................................................................................................................................................................................................................................................................................................
............................................................................................................................................................................................................................................................................................................................................................................................................................................................................................................................................
..@@........@@........@@........@@........@@........@@........@@........@@........@@........@@........@@........@@........@@........@@........@@........@@........@@........@@........@@........@@........@@........@@........@@........@@........@@........@@........@@........@@........@@........@@........@@........@@........@@........@@........@@........@@........@@........@@........@@........@@........@@........@@........@@........@@........@@........@@........@@........@@........@@........@@........@@........@@..........
............................................................................................................................................................................................................................................................................................................................................................................................................................................................................................................................................
............................................................................................................................................................................................................................................................................................................................................................................................................................................................................................................................................
............................................................................................................................................................................................................................................................................................................................................................................................................................................................................................................................................
............................................................................................................................................................................................................................................................................................................................................................................................................................................................................................................................................
............................................................................................................................................................................................................................................................................................................................................................................................................................................................................................................................................
............................................................................................................................................................................................................................................................................................................................................................................................................................................................................................................................................
............................................................................................................................................................................................................................................................................................................................................................................................................................................................................................................................................
............................................................................................................................................................................................................................................................................................................................................................................................................................................................................................................................................
..@@........@@........@@........@@........@@........@@........@@........@@........@@........@@........@@........@@........@@........@@........@@........@@........@@........@@........@@........@@........@@........@@........@@........@@........@@........@@........@@........@@........@@........@@........@@........@@........@@........@@........@@........@@........@@........@@........@@........@@........@@........@@........@@........@@........@@........@@........@@........@@........@@........@@........@@........@@..........
............................................................................................................................................................................................................................................................................................................................................................................................................................................................................................................................................
............................................................................................................................................................................................................................................................................................................................................................................................................................................................................................................................................
............................................................................................................................................................................................................................................................................................................................................................................................................................................................................................................................................
............................................................................................................................................................................................................................................................................................................................................................................................................................................................................................................................................
............................................................................................................................................................................................................................................................................................................................................................................................................................................................................................................................................
............................................................................................................................................................................................................................................................................................................................................................................................................................................................................................................................................
............................................................................................................................................................................................................................................................................................................................................................................................................................................................................................................................................
............................................................................................................................................................................................................................................................................................................................................................................................................................................................................................................................................
..@@........@@........@@........@@........@@........@@........@@........@@........@@........@@........@@........@@........@@........@@........@@........@@........@@........@@........@@........@@........@@........@@........@@........@@........@@........@@........@@........@@........@@........@@........@@........@@........@@........@@........@@........@@........@@........@@........@@........@@........@@........@@........@@........@@........@@........@@........@@........@@........@@........@@........@@........@@..........
............................................................................................................................................................................................................................................................................................................................................................................................................................................................................................................................................
............................................................................................................................................................................................................................................................................................................................................................................................................................................................................................................................................
............................................................................................................................................................................................................................................................................................................................................................................................................................................................................................................................................
............................................................................................................................................................................................................................................................................................................................................................................................................................................................................................................................................
............................................................................................................................................................................................................................................................................................................................................................................................................................................................................................................................................
............................................................................................................................................................................................................................................................................................................................................................................................................................................................................................................................................
............................................................................................................................................................................................................................................................................................................................................................................................................................................................................................................................................
............................................................................................................................................................................................................................................................................................................................................................................................................................................................................................................................................
..@@........@@........@@........@@........@@........@@........@@........@@........@@........@@........@@........@@........@@........@@........@@........@@........@@........@@........@@........@@........@@........@@........@@........@@........@@........@@........@@........@@........@@........@@........@@........@@........@@........@@........@@........@@........@@........@@........@@........@@........@@........@@........@@........@@........@@........@@........@@........@@........@@........@@........@@........@@..........
............................................................................................................................................................................................................................................................................................................................................................................................................................................................................................................................................
............................................................................................................................................................................................................................................................................................................................................................................................................................................................................................................................................
............................................................................................................................................................................................................................................................................................................................................................................................................................................................................................................................................
............................................................................................................................................................................................................................................................................................................................................................................................................................................................................................................................................
............................................................................................................................................................................................................................................................................................................................................................................................................................................................................................................................................
............................................................................................................................................................................................................................................................................................................................................................................................................................................................................................................................................
............................................................................................................................................................................................................................................................................................................................................................................................................................................................................................................................................
............................................................................................................................................................................................................................................................................................................................................................................................................................................................................................................................................
..@@........@@........@@........@@........@@........@@........@@........@@........@@........@@........@@........@@........@@........@@........@@........@@........@@........@@........@@........@@........@@........@@........@@........@@........@@........@@........@@........@@........@@........@@........@@........@@........@@........@@........@@........@@........@@........@@........@@........@@........@@........@@........@@........@@........@@........@@........@@........@@........@@........@@........@@........@@..........
............................................................................................................................................................................................................................................................................................................................................................................................................................................................................................................................................
............................................................................................................................................................................................................................................................................................................................................................................................................................................................................................................................................
............................................................................................................................................................................................................................................................................................................................................................................................................................................................................................................................................
............................................................................................................................................................................................................................................................................................................................................................................................................................................................................................................................................
............................................................................................................................................................................................................................................................................................................................................................................................................................................................................................................................................
............................................................................................................................................................................................................................................................................................................................................................................................................................................................................................................................................
............................................................................................................................................................................................................................................................................................................................................................................................................................................................................................................................................
............................................................................................................................................................................................................................................................................................................................................................................................................................................................................................................................................
..@@........@@........@@........@@........@@........@@........@@........@@........@@........@@........@@........@@........@@........@@........@@........@@........@@........@@........@@........@@........@@........@@........@@........@@........@@........@@........@@........@@........@@........@@........@@........@@........@@........@@........@@........@@........@@........@@........@@........@@........@@........@@........@@........@@........@@........@@........@@........@@........@@........@@........@@........@@..........
............................................................................................................................................................................................................................................................................................................................................................................................................................................................................................................................................
............................................................................................................................................................................................................................................................................................................................................................................................................................................................................................................................................
............................................................................................................................................................................................................................................................................................................................................................................................................................................................................................................................................
............................................................................................................................................................................................................................................................................................................................................................................................................................................................................................................................................
............................................................................................................................................................................................................................................................................................................................................................................................................................................................................................................................................
............................................................................................................................................................................................................................................................................................................................................................................................................................................................................................................................................
............................................................................................................................................................................................................................................................................................................................................................................................................................................................................................................................................
............................................................................................................................................................................................................................................................................................................................................................................................................................................................................................................................................
..@@........@@........@@........@@........@@........@@........@@........@@........@@........@@........@@........@@........@@........@@........@@........@@........@@........@@........@@........@@........@@........@@........@@........@@........@@........@@........@@........@@........@@........@@........@@........@@........@@........@@........@@........@@........@@........@@........@@........@@........@@........@@........@@........@@........@@........@@........@@........@@........@@........@@........@@........@@..........
............................................................................................................................................................................................................................................................................................................................................................................................................................................................................................................................................
............................................................................................................................................................................................................................................................................................................................................................................................................................................................................................................................................
............................................................................................................................................................................................................................................................................................................................................................................................................................................................................................................................................
............................................................................................................................................................................................................................................................................................................................................................................................................................................................................................................................................
............................................................................................................................................................................................................................................................................................................................................................................................................................................................................................................................................
............................................................................................................................................................................................................................................................................................................................................................................................................................................................................................................................................
............................................................................................................................................................................................................................................................................................................................................................................................................................................................................................................................................
............................................................................................................................................................................................................................................................................................................................................................................................................................................................................................................................................
............................................................................................................................................................................................................................................................................................................................................................................................................................................................................................................................................
............................................................................................................................................................................................................................................................................................................................................................................................................................................................................................................................................
