type octile
height 124
width 14
map
..............
..............
..@@...@@.....
..............
..............
..............
..@@...@@.....
..............
..............
..............
..@@...@@.....
..............
..............
..............
..@@...@@.....
..............
..............
..............
..@@...@@.....
..............
..............
..............
..@@...@@.....
..............
..............
..............
..@@...@@.....
..............
..............
..............
..@@...@@.....
..............
..............
..............
..@@...@@.....
..............
..............
..............
..@@...@@.....
..............
..............
..............
..@@...@@.....
..............
..............
..............
..@@...@@.....
..............
..............
..............
..@@...@@.....
..............
..............
..............
..@@...@@.....
..............
..............
..............
..@@...@@.....
..............
..............
..............
..@@...@@.....
..............
..............
..............
..@@...@@.....
..............
..............
..............
..@@...@@.....
..............
..............
..............
..@@...@@.....
..............
..............
..............
..@@...@@.....
..............
..............
..............
..@@...@@.....
..............
..............
..............
..@@...@@.....
..............
..............
..............
..@@...@@.....
..............
..............
..............
..@@...@@.....
..............
..............
..............
..@@...@@.....
..............
..............
..............
..@@...@@.....
..............
..............
..............
..@@...@@.....
..............
..............
..............
..@@...@@.....
..............
..............
..............
..@@...@@.....
..............
..............
..............
..@@...@@.....
..............
..............
..............
..............
..............
