type octile
height 129
width 250
map
..........................................................................................................................................................................................................................................................
..........................................................................................................................................................................................................................................................
..@@....@@....@@....@@....@@....@@....@@....@@....@@....@@....@@....@@....@@....@@....@@....@@....@@....@@....@@....@@....@@....@@....@@....@@....@@....@@....@@....@@....@@....@@....@@....@@....@@....@@....@@....@@....@@....@@....@@....@@....@@......
..........................................................................................................................................................................................................................................................
..........................................................................................................................................................................................................................................................
..........................................................................................................................................................................................................................................................
..........................................................................................................................................................................................................................................................
..@@....@@....@@....@@....@@....@@....@@....@@....@@....@@....@@....@@....@@....@@....@@....@@....@@....@@....@@....@@....@@....@@....@@....@@....@@....@@....@@....@@....@@....@@....@@....@@....@@....@@....@@....@@....@@....@@....@@....@@....@@......
..........................................................................................................................................................................................................................................................
..........................................................................................................................................................................................................................................................
..........................................................................................................................................................................................................................................................
..........................................................................................................................................................................................................................................................
..@@....@@....@@....@@....@@....@@....@@....@@....@@....@@....@@....@@....@@....@@....@@....@@....@@....@@....@@....@@....@@....@@....@@....@@....@@....@@....@@....@@....@@....@@....@@....@@....@@....@@....@@....@@....@@....@@....@@....@@....@@......
..........................................................................................................................................................................................................................................................
..........................................................................................................................................................................................................................................................
..........................................................................................................................................................................................................................................................
..........................................................................................................................................................................................................................................................
..@@....@@....@@....@@....@@....@@....@@....@@....@@....@@....@@....@@....@@....@@....@@....@@....@@....@@....@@....@@....@@....@@....@@....@@....@@....@@....@@....@@....@@....@@....@@....@@....@@....@@....@@....@@....@@....@@....@@....@@....@@......
..........................................................................................................................................................................................................................................................
..........................................................................................................................................................................................................................................................
..........................................................................................................................................................................................................................................................
..........................................................................................................................................................................................................................................................
..@@....@@....@@....@@....@@....@@....@@....@@....@@....@@....@@....@@....@@....@@....@@....@@....@@....@@....@@....@@....@@....@@....@@....@@....@@....@@....@@....@@....@@....@@....@@....@@....@@....@@....@@....@@....@@....@@....@@....@@....@@......
..........................................................................................................................................................................................................................................................
..........................................................................................................................................................................................................................................................
..........................................................................................................................................................................................................................................................
..........................................................................................................................................................................................................................................................
..@@....@@....@@....@@....@@....@@....@@....@@....@@....@@....@@....@@....@@....@@....@@....@@....@@....@@....@@....@@....@@....@@....@@....@@....@@....@@....@@....@@....@@....@@....@@....@@....@@....@@....@@....@@....@@....@@....@@....@@....@@......
..........................................................................................................................................................................................................................................................
..........................................................................................................................................................................................................................................................
..........................................................................................................................................................................................................................................................
..........................................................................................................................................................................................................................................................
..@@....@@....@@....@@....@@....@@....@@....@@....@@....@@....@@....@@....@@....@@....@@....@@....@@....@@....@@....@@....@@....@@....@@....@@....@@....@@....@@....@@....@@....@@....@@....@@....@@....@@....@@....@@....@@....@@....@@....@@....@@......
..........................................................................................................................................................................................................................................................
..........................................................................................................................................................................................................................................................
..........................................................................................................................................................................................................................................................
..........................................................................................................................................................................................................................................................
..@@....@@....@@....@@....@@....@@....@@....@@....@@....@@....@@....@@....@@....@@....@@....@@....@@....@@....@@....@@....@@....@@....@@....@@....@@....@@....@@....@@....@@....@@....@@....@@....@@....@@....@@....@@....@@....@@....@@....@@....@@......
..........................................................................................................................................................................................................................................................
..........................................................................................................................................................................................................................................................
..........................................................................................................................................................................................................................................................
..........................................................................................................................................................................................................................................................
..@@....@@....@@....@@....@@....@@....@@....@@....@@....@@....@@....@@....@@....@@....@@....@@....@@....@@....@@....@@....@@....@@....@@....@@....@@....@@....@@....@@....@@....@@....@@....@@....@@....@@....@@....@@....@@....@@....@@....@@....@@......
..........................................................................................................................................................................................................................................................
..........................................................................................................................................................................................................................................................
..........................................................................................................................................................................................................................................................
..........................................................................................................................................................................................................................................................
..@@....@@....@@....@@....@@....@@....@@....@@....@@....@@....@@....@@....@@....@@....@@....@@....@@....@@....@@....@@....@@....@@....@@....@@....@@....@@....@@....@@....@@....@@....@@....@@....@@....@@....@@....@@....@@....@@....@@....@@....@@......
..........................................................................................................................................................................................................................................................
..........................................................................................................................................................................................................................................................
..........................................................................................................................................................................................................................................................
..........................................................................................................................................................................................................................................................
..@@....@@....@@....@@....@@....@@....@@....@@....@@....@@....@@....@@....@@....@@....@@....@@....@@....@@....@@....@@....@@....@@....@@....@@....@@....@@....@@....@@....@@....@@....@@....@@....@@....@@....@@....@@....@@....@@....@@....@@....@@......
..........................................................................................................................................................................................................................................................
..........................................................................................................................................................................................................................................................
..........................................................................................................................................................................................................................................................
..........................................................................................................................................................................................................................................................
..@@....@@....@@....@@....@@....@@....@@....@@....@@....@@....@@....@@....@@....@@....@@....@@....@@....@@....@@....@@....@@....@@....@@....@@....@@....@@....@@....@@....@@....@@....@@....@@....@@....@@....@@....@@....@@....@@....@@....@@....@@......
..........................................................................................................................................................................................................................................................
..........................................................................................................................................................................................................................................................
..........................................................................................................................................................................................................................................................
..........................................................................................................................................................................................................................................................
..@@....@@....@@....@@....@@....@@....@@....@@....@@....@@....@@....@@....@@....@@....@@....@@....@@....@@....@@....@@....@@....@@....@@....@@....@@....@@....@@....@@....@@....@@....@@....@@....@@....@@....@@....@@....@@....@@....@@....@@....@@......
..........................................................................................................................................................................................................................................................
..........................................................................................................................................................................................................................................................
..........................................................................................................................................................................................................................................................
..........................................................................................................................................................................................................................................................
..@@....@@....@@....@@....@@....@@....@@....@@....@@....@@....@@....@@....@@....@@....@@....@@....@@....@@....@@....@@....@@....@@....@@....@@....@@....@@....@@....@@....@@....@@....@@....@@....@@....@@....@@....@@....@@....@@....@@....@@....@@......
..........................................................................................................................................................................................................................................................
..........................................................................................................................................................................................................................................................
..........................................................................................................................................................................................................................................................
..........................................................................................................................................................................................................................................................
..@@....@@....@@....@@....@@....@@....@@....@@....@@....@@....@@....@@....@@....@@....@@....@@....@@....@@....@@....@@....@@....@@....@@....@@....@@....@@....@@....@@....@@....@@....@@....@@....@@....@@....@@....@@....@@....@@....@@....@@....@@......
..........................................................................................................................................................................................................................................................
..........................................................................................................................................................................................................................................................
..........................................................................................................................................................................................................................................................
..........................................................................................................................................................................................................................................................
..@@....@@....@@....@@....@@....@@....@@....@@....@@....@@....@@....@@....@@....@@....@@....@@....@@....@@....@@....@@....@@....@@....@@....@@....@@....@@....@@....@@....@@....@@....@@....@@....@@....@@....@@....@@....@@....@@....@@....@@....@@......
..........................................................................................................................................................................................................................................................
..........................................................................................................................................................................................................................................................
..........................................................................................................................................................................................................................................................
..........................................................................................................................................................................................................................................................
..@@....@@....@@....@@....@@....@@....@@....@@....@@....@@....@@....@@....@@....@@....@@....@@....@@....@@....@@....@@....@@....@@....@@....@@....@@....@@....@@....@@....@@....@@....@@....@@....@@....@@....@@....@@....@@....@@....@@....@@....@@......
..........................................................................................................................................................................................................................................................
..........................................................................................................................................................................................................................................................
..........................................................................................................................................................................................................................................................
..........................................................................................................................................................................................................................................................
..@@....@@....@@....@@....@@....@@....@@....@@....@@....@@....@@....@@....@@....@@....@@....@@....@@....@@....@@....@@....@@....@@....@@....@@....@@....@@....@@....@@....@@....@@....@@....@@....@@....@@....@@....@@....@@....@@....@@....@@....@@......
..........................................................................................................................................................................................................................................................
..........................................................................................................................................................................................................................................................
..........................................................................................................................................................................................................................................................
..........................................................................................................................................................................................................................................................
..@@....@@....@@....@@....@@....@@....@@....@@....@@....@@....@@....@@....@@....@@....@@....@@....@@....@@....@@....@@....@@....@@....@@....@@....@@....@@....@@....@@....@@....@@....@@....@@....@@....@@....@@....@@....@@....@@....@@....@@....@@......
..........................................................................................................................................................................................................................................................
..........................................................................................................................................................................................................................................................
..........................................................................................................................................................................................................................................................
..........................................................................................................................................................................................................................................................
..@@....@@....@@....@@....@@....@@....@@....@@....@@....@@....@@....@@....@@....@@....@@....@@....@@....@@....@@....@@....@@....@@....@@....@@....@@....@@....@@....@@....@@....@@....@@....@@....@@....@@....@@....@@....@@....@@....@@....@@....@@......
..........................................................................................................................................................................................................................................................
..........................................................................................................................................................................................................................................................
..........................................................................................................................................................................................................................................................
..........................................................................................................................................................................................................................................................
..@@....@@....@@....@@....@@....@@....@@....@@....@@....@@....@@....@@....@@....@@....@@....@@....@@....@@....@@....@@....@@....@@....@@....@@....@@....@@....@@....@@....@@....@@....@@....@@....@@....@@....@@....@@....@@....@@....@@....@@....@@......
..........................................................................................................................................................................................................................................................
..........................................................................................................................................................................................................................................................
..........................................................................................................................................................................................................................................................
..........................................................................................................................................................................................................................................................
..@@....@@....@@....@@....@@....@@....@@....@@....@@....@@....@@....@@....@@....@@....@@....@@....@@....@@....@@....@@....@@....@@....@@....@@....@@....@@....@@....@@....@@....@@....@@....@@....@@....@@....@@....@@....@@....@@....@@....@@....@@......
..........................................................................................................................................................................................................................................................
..........................................................................................................................................................................................................................................................
..........................................................................................................................................................................................................................................................
..........................................................................................................................................................................................................................................................
..@@....@@....@@....@@....@@....@@....@@....@@....@@....@@....@@....@@....@@....@@....@@....@@....@@....@@....@@....@@....@@....@@....@@....@@....@@....@@....@@....@@....@@....@@....@@....@@....@@....@@....@@....@@....@@....@@....@@....@@....@@......
..........................................................................................................................................................................................................................................................
..........................................................................................................................................................................................................................................................
..........................................................................................................................................................................................................................................................
..........................................................................................................................................................................................................................................................
..@@....@@....@@....@@....@@....@@....@@....@@....@@....@@....@@....@@....@@....@@....@@....@@....@@....@@....@@....@@....@@....@@....@@....@@....@@....@@....@@....@@....@@....@@....@@....@@....@@....@@....@@....@@....@@....@@....@@....@@....@@......
..........................................................................................................................................................................................................................................................
..........................................................................................................................................................................................................................................................
..........................................................................................................................................................................................................................................................
..........................................................................................................................................................................................................................................................
..@@....@@....@@....@@....@@....@@....@@....@@....@@....@@....@@....@@....@@....@@....@@....@@....@@....@@....@@....@@....@@....@@....@@....@@....@@....@@....@@....@@....@@....@@....@@....@@....@@....@@....@@....@@....@@....@@....@@....@@....@@......
..........................................................................................................................................................................................................................................................
..........................................................................................................................................................................................................................................................
..........................................................................................................................................................................................................................................................
..........................................................................................................................................................................................................................................................
..........................................................................................................................................................................................................................................................
..........................................................................................................................................................................................................................................................
