type octile
height 42
width 28
map
............................
............................
..@@.@@.@@.@@.@@.@@.@@.@@...
............................
..@@.@@.@@.@@.@@.@@.@@.@@...
............................
..@@.@@.@@.@@.@@.@@.@@.@@...
............................
..@@.@@.@@.@@.@@.@@.@@.@@...
............................
..@@.@@.@@.@@.@@.@@.@@.@@...
............................
..@@.@@.@@.@@.@@.@@.@@.@@...
............................
..@@.@@.@@.@@.@@.@@.@@.@@...
............................
..@@.@@.@@.@@.@@.@@.@@.@@...
............................
..@@.@@.@@.@@.@@.@@.@@.@@...
............................
..@@.@@.@@.@@.@@.@@.@@.@@...
............................
..@@.@@.@@.@@.@@.@@.@@.@@...
............................
..@@.@@.@@.@@.@@.@@.@@.@@...
............................
..@@.@@.@@.@@.@@.@@.@@.@@...
............................
..@@.@@.@@.@@.@@.@@.@@.@@...
............................
..@@.@@.@@.@@.@@.@@.@@.@@...
............................
..@@.@@.@@.@@.@@.@@.@@.@@...
............................
..@@.@@.@@.@@.@@.@@.@@.@@...
............................
..@@.@@.@@.@@.@@.@@.@@.@@...
............................
..@@.@@.@@.@@.@@.@@.@@.@@...
............................
............................
............................
