type octile
height 136
width 165
map
.....................................................................................................................................................................
.....................................................................................................................................................................
..@@.....@@.....@@.....@@.....@@.....@@.....@@.....@@.....@@.....@@.....@@.....@@.....@@.....@@.....@@.....@@.....@@.....@@.....@@.....@@.....@@.....@@.....@@.......
.....................................................................................................................................................................
.....................................................................................................................................................................
.....................................................................................................................................................................
.....................................................................................................................................................................
.....................................................................................................................................................................
..@@.....@@.....@@.....@@.....@@.....@@.....@@.....@@.....@@.....@@.....@@.....@@.....@@.....@@.....@@.....@@.....@@.....@@.....@@.....@@.....@@.....@@.....@@.......
.....................................................................................................................................................................
.....................................................................................................................................................................
.....................................................................................................................................................................
.....................................................................................................................................................................
.....................................................................................................................................................................
..@@.....@@.....@@.....@@.....@@.....@@.....@@.....@@.....@@.....@@.....@@.....@@.....@@.....@@.....@@.....@@.....@@.....@@.....@@.....@@.....@@.....@@.....@@.......
.....................................................................................................................................................................
.....................................................................................................................................................................
.....................................................................................................................................................................
.....................................................................................................................................................................
.....................................................................................................................................................................
..@@.....@@.....@@.....@@.....@@.....@@.....@@.....@@.....@@.....@@.....@@.....@@.....@@.....@@.....@@.....@@.....@@.....@@.....@@.....@@.....@@.....@@.....@@.......
.....................................................................................................................................................................
.....................................................................................................................................................................
.....................................................................................................................................................................
.....................................................................................................................................................................
.....................................................................................................................................................................
..@@.....@@.....@@.....@@.....@@.....@@.....@@.....@@.....@@.....@@.....@@.....@@.....@@.....@@.....@@.....@@.....@@.....@@.....@@.....@@.....@@.....@@.....@@.......
.....................................................................................................................................................................
.....................................................................................................................................................................
.....................................................................................................................................................................
.....................................................................................................................................................................
.....................................................................................................................................................................
..@@.....@@.....@@.....@@.....@@.....@@.....@@.....@@.....@@.....@@.....@@.....@@.....@@.....@@.....@@.....@@.....@@.....@@.....@@.....@@.....@@.....@@.....@@.......
.....................................................................................................................................................................
.....................................................................................................................................................................
.....................................................................................................................................................................
.....................................................................................................................................................................
.....................................................................................................................................................................
..@@.....@@.....@@.....@@.....@@.....@@.....@@.....@@.....@@.....@@.....@@.....@@.....@@.....@@.....@@.....@@.....@@.....@@.....@@.....@@.....@@.....@@.....@@.......
.....................................................................................................................................................................
.....................................................................................................................................................................
.....................................................................................................................................................................
.....................................................................................................................................................................
.....................................................................................................................................................................
..@@.....@@.....@@.....@@.....@@.....@@.....@@.....@@.....@@.....@@.....@@.....@@.....@@.....@@.....@@.....@@.....@@.....@@.....@@.....@@.....@@.....@@.....@@.......
.....................................................................................................................................................................
.....................................................................................................................................................................
.....................................................................................................................................................................
.....................................................................................................................................................................
.....................................................................................................................................................................
..@@.....@@.....@@.....@@.....@@.....@@.....@@.....@@.....@@.....@@.....@@.....@@.....@@.....@@.....@@.....@@.....@@.....@@.....@@.....@@.....@@.....@@.....@@.......
.....................................................................................................................................................................
.....................................................................................................................................................................
.....................................................................................................................................................................
.....................................................................................................................................................................
.....................................................................................................................................................................
..@@.....@@.....@@.....@@.....@@.....@@.....@@.....@@.....@@.....@@.....@@.....@@.....@@.....@@.....@@.....@@.....@@.....@@.....@@.....@@.....@@.....@@.....@@.......
.....................................................................................................................................................................
.....................................................................................................................................................................
.....................................................................................................................................................................
.....................................................................................................................................................................
.....................................................................................................................................................................
..@@.....@@.....@@.....@@.....@@.....@@.....@@.....@@.....@@.....@@.....@@.....@@.....@@.....@@.....@@.....@@.....@@.....@@.....@@.....@@.....@@.....@@.....@@.......
.....................................................................................................................................................................
.....................................................................................................................................................................
.....................................................................................................................................................................
.....................................................................................................................................................................
.....................................................................................................................................................................
..@@.....@@.....@@.....@@.....@@.....@@.....@@.....@@.....@@.....@@.....@@.....@@.....@@.....@@.....@@.....@@.....@@.....@@.....@@.....@@.....@@.....@@.....@@.......
.....................................................................................................................................................................
.....................................................................................................................................................................
.....................................................................................................................................................................
.....................................................................................................................................................................
.....................................................................................................................................................................
..@@.....@@.....@@.....@@.....@@.....@@.....@@.....@@.....@@.....@@.....@@.....@@.....@@.....@@.....@@.....@@.....@@.....@@.....@@.....@@.....@@.....@@.....@@.......
.....................................................................................................................................................................
.....................................................................................................................................................................
.....................................................................................................................................................................
.....................................................................................................................................................................
.....................................................................................................................................................................
..@@.....@@.....@@.....@@.....@@.....@@.....@@.....@@.....@@.....@@.....@@.....@@.....@@.....@@.....@@.....@@.....@@.....@@.....@@.....@@.....@@.....@@.....@@.......
.....................................................................................................................................................................
.....................................................................................................................................................................
.....................................................................................................................................................................
.....................................................................................................................................................................
.....................................................................................................................................................................
..@@.....@@.....@@.....@@.....@@.....@@.....@@.....@@.....@@.....@@.....@@.....@@.....@@.....@@.....@@.....@@.....@@.....@@.....@@.....@@.....@@.....@@.....@@.......
.....................................................................................................................................................................
.....................................................................................................................................................................
.....................................................................................................................................................................
.....................................................................................................................................................................
.....................................................................................................................................................................
..@@.....@@.....@@.....@@.....@@.....@@.....@@.....@@.....@@.....@@.....@@.....@@.....@@.....@@.....@@.....@@.....@@.....@@.....@@.....@@.....@@.....@@.....@@.......
.....................................................................................................................................................................
.....................................................................................................................................................................
.....................................................................................................................................................................
.....................................................................................................................................................................
.....................................................................................................................................................................
..@@.....@@.....@@.....@@.....@@.....@@.....@@.....@@.....@@.....@@.....@@.....@@.....@@.....@@.....@@.....@@.....@@.....@@.....@@.....@@.....@@.....@@.....@@.......
.....................................................................................................................................................................
.....................................................................................................................................................................
.....................................................................................................................................................................
.....................................................................................................................................................................
.....................................................................................................................................................................
..@@.....@@.....@@.....@@.....@@.....@@.....@@.....@@.....@@.....@@.....@@.....@@.....@@.....@@.....@@.....@@.....@@.....@@.....@@.....@@.....@@.....@@.....@@.......
.....................................................................................................................................................................
.....................................................................................................................................................................
.....................................................................................................................................................................
.....................................................................................................................................................................
.....................................................................................................................................................................
..@@.....@@.....@@.....@@.....@@.....@@.....@@.....@@.....@@.....@@.....@@.....@@.....@@.....@@.....@@.....@@.....@@.....@@.....@@.....@@.....@@.....@@.....@@.......
.....................................................................................................................................................................
.....................................................................................................................................................................
.....................................................................................................................................................................
.....................................................................................................................................................................
.....................................................................................................................................................................
..@@.....@@.....@@.....@@.....@@.....@@.....@@.....@@.....@@.....@@.....@@.....@@.....@@.....@@.....@@.....@@.....@@.....@@.....@@.....@@.....@@.....@@.....@@.......
.....................................................................................................................................................................
.....................................................................................................................................................................
.....................................................................................................................................................................
.....................................................................................................................................................................
.....................................................................................................................................................................
..@@.....@@.....@@.....@@.....@@.....@@.....@@.....@@.....@@.....@@.....@@.....@@.....@@.....@@.....@@.....@@.....@@.....@@.....@@.....@@.....@@.....@@.....@@.......
.....................................................................................................................................................................
.....................................................................................................................................................................
.....................................................................................................................................................................
.....................................................................................................................................................................
.....................................................................................................................................................................
..@@.....@@.....@@.....@@.....@@.....@@.....@@.....@@.....@@.....@@.....@@.....@@.....@@.....@@.....@@.....@@.....@@.....@@.....@@.....@@.....@@.....@@.....@@.......
.....................................................................................................................................................................
.....................................................................................................................................................................
.....................................................................................................................................................................
.....................................................................................................................................................................
.....................................................................................................................................................................
.....................................................................................................................................................................
.....................................................................................................................................................................
