type octile
height 28
width 238
map
..............................................................................................................................................................................................................................................
..............................................................................................................................................................................................................................................
..@@.......@@.......@@.......@@.......@@.......@@.......@@.......@@.......@@.......@@.......@@.......@@.......@@.......@@.......@@.......@@.......@@.......@@.......@@.......@@.......@@.......@@.......@@.......@@.......@@.......@@.........
..............................................................................................................................................................................................................................................
..............................................................................................................................................................................................................................................
..............................................................................................................................................................................................................................................
..............................................................................................................................................................................................................................................
..............................................................................................................................................................................................................................................
..............................................................................................................................................................................................................................................
..............................................................................................................................................................................................................................................
..@@.......@@.......@@.......@@.......@@.......@@.......@@.......@@.......@@.......@@.......@@.......@@.......@@.......@@.......@@.......@@.......@@.......@@.......@@.......@@.......@@.......@@.......@@.......@@.......@@.......@@.........
..............................................................................................................................................................................................................................................
..............................................................................................................................................................................................................................................
..............................................................................................................................................................................................................................................
..............................................................................................................................................................................................................................................
..............................................................................................................................................................................................................................................
..............................................................................................................................................................................................................................................
..............................................................................................................................................................................................................................................
..@@.......@@.......@@.......@@.......@@.......@@.......@@.......@@.......@@.......@@.......@@.......@@.......@@.......@@.......@@.......@@.......@@.......@@.......@@.......@@.......@@.......@@.......@@.......@@.......@@.......@@.........
..............................................................................................................................................................................................................................................
..............................................................................................................................................................................................................................................
..............................................................................................................................................................................................................................................
..............................................................................................................................................................................................................................................
..............................................................................................................................................................................................................................................
..............................................................................................................................................................................................................................................
..............................................................................................................................................................................................................................................
..............................................................................................................................................................................................................................................
..............................................................................................................................................................................................................................................
