type octile
height 64
width 184
map
........................................................................................................................................................................................
........................................................................................................................................................................................
..@@....@@....@@....@@....@@....@@....@@....@@....@@....@@....@@....@@....@@....@@....@@....@@....@@....@@....@@....@@....@@....@@....@@....@@....@@....@@....@@....@@....@@....@@......
........................................................................................................................................................................................
........................................................................................................................................................................................
........................................................................................................................................................................................
........................................................................................................................................................................................
..@@....@@....@@....@@....@@....@@....@@....@@....@@....@@....@@....@@....@@....@@....@@....@@....@@....@@....@@....@@....@@....@@....@@....@@....@@....@@....@@....@@....@@....@@......
........................................................................................................................................................................................
........................................................................................................................................................................................
........................................................................................................................................................................................
........................................................................................................................................................................................
..@@....@@....@@....@@....@@....@@....@@....@@....@@....@@....@@....@@....@@....@@....@@....@@....@@....@@....@@....@@....@@....@@....@@....@@....@@....@@....@@....@@....@@....@@......
........................................................................................................................................................................................
........................................................................................................................................................................................
........................................................................................................................................................................................
........................................................................................................................................................................................
..@@....@@....@@....@@....@@....@@....@@....@@....@@....@@....@@....@@....@@....@@....@@....@@....@@....@@....@@....@@....@@....@@....@@....@@....@@....@@....@@....@@....@@....@@......
........................................................................................................................................................................................
........................................................................................................................................................................................
........................................................................................................................................................................................
........................................................................................................................................................................................
..@@....@@....@@....@@....@@....@@....@@....@@....@@....@@....@@....@@....@@....@@....@@....@@....@@....@@....@@....@@....@@....@@....@@....@@....@@....@@....@@....@@....@@....@@......
........................................................................................................................................................................................
........................................................................................................................................................................................
........................................................................................................................................................................................
........................................................................................................................................................................................
..@@....@@....@@....@@....@@....@@....@@....@@....@@....@@....@@....@@....@@....@@....@@....@@....@@....@@....@@....@@....@@....@@....@@....@@....@@....@@....@@....@@....@@....@@......
........................................................................................................................................................................................
........................................................................................................................................................................................
........................................................................................................................................................................................
........................................................................................................................................................................................
..@@....@@....@@....@@....@@....@@....@@....@@....@@....@@....@@....@@....@@....@@....@@....@@....@@....@@....@@....@@....@@....@@....@@....@@....@@....@@....@@....@@....@@....@@......
........................................................................................................................................................................................
........................................................................................................................................................................................
........................................................................................................................................................................................
........................................................................................................................................................................................
..@@....@@....@@....@@....@@....@@....@@....@@....@@....@@....@@....@@....@@....@@....@@....@@....@@....@@....@@....@@....@@....@@....@@....@@....@@....@@....@@....@@....@@....@@......
........................................................................................................................................................................................
........................................................................................................................................................................................
........................................................................................................................................................................................
........................................................................................................................................................................................
..@@....@@....@@....@@....@@....@@....@@....@@....@@....@@....@@....@@....@@....@@....@@....@@....@@....@@....@@....@@....@@....@@....@@....@@....@@....@@....@@....@@....@@....@@......
........................................................................................................................................................................................
........................................................................................................................................................................................
........................................................................................................................................................................................
........................................................................................................................................................................................
..@@....@@....@@....@@....@@....@@....@@....@@....@@....@@....@@....@@....@@....@@....@@....@@....@@....@@....@@....@@....@@....@@....@@....@@....@@....@@....@@....@@....@@....@@......
........................................................................................................................................................................................
........................................................................................................................................................................................
........................................................................................................................................................................................
........................................................................................................................................................................................
..@@....@@....@@....@@....@@....@@....@@....@@....@@....@@....@@....@@....@@....@@....@@....@@....@@....@@....@@....@@....@@....@@....@@....@@....@@....@@....@@....@@....@@....@@......
........................................................................................................................................................................................
........................................................................................................................................................................................
........................................................................................................................................................................................
........................................................................................................................................................................................
..@@....@@....@@....@@....@@....@@....@@....@@....@@....@@....@@....@@....@@....@@....@@....@@....@@....@@....@@....@@....@@....@@....@@....@@....@@....@@....@@....@@....@@....@@......
........................................................................................................................................................................................
........................................................................................................................................................................................
........................................................................................................................................................................................
........................................................................................................................................................................................
........................................................................................................................................................................................
........................................................................................................................................................................................
