type octile
height 76
width 20
map
....................
....................
..@@..@@..@@..@@....
....................
....................
..@@..@@..@@..@@....
....................
....................
..@@..@@..@@..@@....
....................
....................
..@@..@@..@@..@@....
....................
....................
..@@..@@..@@..@@....
....................
....................
..@@..@@..@@..@@....
....................
....................
..@@..@@..@@..@@....
....................
....................
..@@..@@..@@..@@....
....................
....................
..@@..@@..@@..@@....
....................
....................
..@@..@@..@@..@@....
....................
....................
..@@..@@..@@..@@....
....................
....................
..@@..@@..@@..@@....
....................
....................
..@@..@@..@@..@@....
....................
....................
..@@..@@..@@..@@....
....................
....................
..@@..@@..@@..@@....
....................
....................
..@@..@@..@@..@@....
....................
....................
..@@..@@..@@..@@....
....................
....................
..@@..@@..@@..@@....
....................
....................
..@@..@@..@@..@@....
....................
....................
..@@..@@..@@..@@....
....................
....................
..@@..@@..@@..@@....
....................
....................
..@@..@@..@@..@@....
....................
....................
..@@..@@..@@..@@....
....................
....................
..@@..@@..@@..@@....
....................
....................
....................
....................
