type octile
height 96
width 14
map
..............
..............
..@@...@@.....
..............
..............
..............
..@@...@@.....
..............
..............
..............
..@@...@@.....
..............
..............
..............
..@@...@@.....
..............
..............
..............
..@@...@@.....
..............
..............
..............
..@@...@@.....
..............
..............
..............
..@@...@@.....
..............
..............
..............
..@@...@@.....
..............
..............
..............
..@@...@@.....
..............
..............
..............
..@@...@@.....
..............
..............
..............
..@@...@@.....
..............
..............
..............
..@@...@@.....
..............
..............
..............
..@@...@@.....
..............
..............
..............
..@@...@@.....
..............
..............
..............
..@@...@@.....
..............
..............
..............
..@@...@@.....
..............
..............
..............
..@@...@@.....
..............
..............
..............
..@@...@@.....
..............
..............
..............
..@@...@@.....
..............
..............
..............
..@@...@@.....
..............
..............
..............
..@@...@@.....
..............
..............
..............
..@@...@@.....
..............
..............
..............
..@@...@@.....
..............
..............
..............
..............
..............
