type octile
height 124
width 200
map
........................................................................................................................................................................................................
........................................................................................................................................................................................................
..@@.....@@.....@@.....@@.....@@.....@@.....@@.....@@.....@@.....@@.....@@.....@@.....@@.....@@.....@@.....@@.....@@.....@@.....@@.....@@.....@@.....@@.....@@.....@@.....@@.....@@.....@@.....@@.......
........................................................................................................................................................................................................
........................................................................................................................................................................................................
........................................................................................................................................................................................................
........................................................................................................................................................................................................
........................................................................................................................................................................................................
..@@.....@@.....@@.....@@.....@@.....@@.....@@.....@@.....@@.....@@.....@@.....@@.....@@.....@@.....@@.....@@.....@@.....@@.....@@.....@@.....@@.....@@.....@@.....@@.....@@.....@@.....@@.....@@.......
........................................................................................................................................................................................................
........................................................................................................................................................................................................
........................................................................................................................................................................................................
........................................................................................................................................................................................................
........................................................................................................................................................................................................
..@@.....@@.....@@.....@@.....@@.....@@.....@@.....@@.....@@.....@@.....@@.....@@.....@@.....@@.....@@.....@@.....@@.....@@.....@@.....@@.....@@.....@@.....@@.....@@.....@@.....@@.....@@.....@@.......
........................................................................................................................................................................................................
........................................................................................................................................................................................................
........................................................................................................................................................................................................
........................................................................................................................................................................................................
........................................................................................................................................................................................................
..@@.....@@.....@@.....@@.....@@.....@@.....@@.....@@.....@@.....@@.....@@.....@@.....@@.....@@.....@@.....@@.....@@.....@@.....@@.....@@.....@@.....@@.....@@.....@@.....@@.....@@.....@@.....@@.......
........................................................................................................................................................................................................
........................................................................................................................................................................................................
........................................................................................................................................................................................................
........................................................................................................................................................................................................
........................................................................................................................................................................................................
..@@.....@@.....@@.....@@.....@@.....@@.....@@.....@@.....@@.....@@.....@@.....@@.....@@.....@@.....@@.....@@.....@@.....@@.....@@.....@@.....@@.....@@.....@@.....@@.....@@.....@@.....@@.....@@.......
........................................................................................................................................................................................................
........................................................................................................................................................................................................
........................................................................................................................................................................................................
........................................................................................................................................................................................................
........................................................................................................................................................................................................
..@@.....@@.....@@.....@@.....@@.....@@.....@@.....@@.....@@.....@@.....@@.....@@.....@@.....@@.....@@.....@@.....@@.....@@.....@@.....@@.....@@.....@@.....@@.....@@.....@@.....@@.....@@.....@@.......
........................................................................................................................................................................................................
........................................................................................................................................................................................................
........................................................................................................................................................................................................
........................................................................................................................................................................................................
........................................................................................................................................................................................................
..@@.....@@.....@@.....@@.....@@.....@@.....@@.....@@.....@@.....@@.....@@.....@@.....@@.....@@.....@@.....@@.....@@.....@@.....@@.....@@.....@@.....@@.....@@.....@@.....@@.....@@.....@@.....@@.......
........................................................................................................................................................................................................
........................................................................................................................................................................................................
........................................................................................................................................................................................................
........................................................................................................................................................................................................
........................................................................................................................................................................................................
..@@.....@@.....@@.....@@.....@@.....@@.....@@.....@@.....@@.....@@.....@@.....@@.....@@.....@@.....@@.....@@.....@@.....@@.....@@.....@@.....@@.....@@.....@@.....@@.....@@.....@@.....@@.....@@.......
........................................................................................................................................................................................................
........................................................................................................................................................................................................
........................................................................................................................................................................................................
........................................................................................................................................................................................................
........................................................................................................................................................................................................
..@@.....@@.....@@.....@@.....@@.....@@.....@@.....@@.....@@.....@@.....@@.....@@.....@@.....@@.....@@.....@@.....@@.....@@.....@@.....@@.....@@.....@@.....@@.....@@.....@@.....@@.....@@.....@@.......
........................................................................................................................................................................................................
........................................................................................................................................................................................................
........................................................................................................................................................................................................
........................................................................................................................................................................................................
........................................................................................................................................................................................................
..@@.....@@.....@@.....@@.....@@.....@@.....@@.....@@.....@@.....@@.....@@.....@@.....@@.....@@.....@@.....@@.....@@.....@@.....@@.....@@.....@@.....@@.....@@.....@@.....@@.....@@.....@@.....@@.......
........................................................................................................................................................................................................
........................................................................................................................................................................................................
........................................................................................................................................................................................................
........................................................................................................................................................................................................
........................................................................................................................................................................................................
..@@.....@@.....@@.....@@.....@@.....@@.....@@.....@@.....@@.....@@.....@@.....@@.....@@.....@@.....@@.....@@.....@@.....@@.....@@.....@@.....@@.....@@.....@@.....@@.....@@.....@@.....@@.....@@.......
........................................................................................................................................................................................................
........................................................................................................................................................................................................
........................................................................................................................................................................................................
........................................................................................................................................................................................................
........................................................................................................................................................................................................
..@@.....@@.....@@.....@@.....@@.....@@.....@@.....@@.....@@.....@@.....@@.....@@.....@@.....@@.....@@.....@@.....@@.....@@.....@@.....@@.....@@.....@@.....@@.....@@.....@@.....@@.....@@.....@@.......
........................................................................................................................................................................................................
........................................................................................................................................................................................................
........................................................................................................................................................................................................
........................................................................................................................................................................................................
........................................................................................................................................................................................................
..@@.....@@.....@@.....@@.....@@.....@@.....@@.....@@.....@@.....@@.....@@.....@@.....@@.....@@.....@@.....@@.....@@.....@@.....@@.....@@.....@@.....@@.....@@.....@@.....@@.....@@.....@@.....@@.......
........................................................................................................................................................................................................
........................................................................................................................................................................................................
........................................................................................................................................................................................................
........................................................................................................................................................................................................
........................................................................................................................................................................................................
..@@.....@@.....@@.....@@.....@@.....@@.....@@.....@@.....@@.....@@.....@@.....@@.....@@.....@@.....@@.....@@.....@@.....@@.....@@.....@@.....@@.....@@.....@@.....@@.....@@.....@@.....@@.....@@.......
........................................................................................................................................................................................................
........................................................................................................................................................................................................
........................................................................................................................................................................................................
........................................................................................................................................................................................................
........................................................................................................................................................................................................
..@@.....@@.....@@.....@@.....@@.....@@.....@@.....@@.....@@.....@@.....@@.....@@.....@@.....@@.....@@.....@@.....@@.....@@.....@@.....@@.....@@.....@@.....@@.....@@.....@@.....@@.....@@.....@@.......
........................................................................................................................................................................................................
........................................................................................................................................................................................................
........................................................................................................................................................................................................
........................................................................................................................................................................................................
........................................................................................................................................................................................................
..@@.....@@.....@@.....@@.....@@.....@@.....@@.....@@.....@@.....@@.....@@.....@@.....@@.....@@.....@@.....@@.....@@.....@@.....@@.....@@.....@@.....@@.....@@.....@@.....@@.....@@.....@@.....@@.......
........................................................................................................................................................................................................
........................................................................................................................................................................................................
........................................................................................................................................................................................................
........................................................................................................................................................................................................
........................................................................................................................................................................................................
..@@.....@@.....@@.....@@.....@@.....@@.....@@.....@@.....@@.....@@.....@@.....@@.....@@.....@@.....@@.....@@.....@@.....@@.....@@.....@@.....@@.....@@.....@@.....@@.....@@.....@@.....@@.....@@.......
........................................................................................................................................................................................................
........................................................................................................................................................................................................
........................................................................................................................................................................................................
........................................................................................................................................................................................................
........................................................................................................................................................................................................
..@@.....@@.....@@.....@@.....@@.....@@.....@@.....@@.....@@.....@@.....@@.....@@.....@@.....@@.....@@.....@@.....@@.....@@.....@@.....@@.....@@.....@@.....@@.....@@.....@@.....@@.....@@.....@@.......
........................................................................................................................................................................................................
........................................................................................................................................................................................................
........................................................................................................................................................................................................
........................................................................................................................................................................................................
........................................................................................................................................................................................................
..@@.....@@.....@@.....@@.....@@.....@@.....@@.....@@.....@@.....@@.....@@.....@@.....@@.....@@.....@@.....@@.....@@.....@@.....@@.....@@.....@@.....@@.....@@.....@@.....@@.....@@.....@@.....@@.......
........................................................................................................................................................................................................
........................................................................................................................................................................................................
........................................................................................................................................................................................................
........................................................................................................................................................................................................
........................................................................................................................................................................................................
..@@.....@@.....@@.....@@.....@@.....@@.....@@.....@@.....@@.....@@.....@@.....@@.....@@.....@@.....@@.....@@.....@@.....@@.....@@.....@@.....@@.....@@.....@@.....@@.....@@.....@@.....@@.....@@.......
........................................................................................................................................................................................................
........................................................................................................................................................................................................
........................................................................................................................................................................................................
........................................................................................................................................................................................................
........................................................................................................................................................................................................
........................................................................................................................................................................................................
........................................................................................................................................................................................................
