type octile
height 242
width 380
map
............................................................................................................................................................................................................................................................................................................................................................................................
............................................................................................................................................................................................................................................................................................................................................................................................
..@@......@@......@@......@@......@@......@@......@@......@@......@@......@@......@@......@@......@@......@@......@@......@@......@@......@@......@@......@@......@@......@@......@@......@@......@@......@@......@@......@@......@@......@@......@@......@@......@@......@@......@@......@@......@@......@@......@@......@@......@@......@@......@@......@@......@@......@@......@@........
............................................................................................................................................................................................................................................................................................................................................................................................
............................................................................................................................................................................................................................................................................................................................................................................................
............................................................................................................................................................................................................................................................................................................................................................................................
............................................................................................................................................................................................................................................................................................................................................................................................
............................................................................................................................................................................................................................................................................................................................................................................................
............................................................................................................................................................................................................................................................................................................................................................................................
..@@......@@......@@......@@......@@......@@......@@......@@......@@......@@......@@......@@......@@......@@......@@......@@......@@......@@......@@......@@......@@......@@......@@......@@......@@......@@......@@......@@......@@......@@......@@......@@......@@......@@......@@......@@......@@......@@......@@......@@......@@......@@......@@......@@......@@......@@......@@........
............................................................................................................................................................................................................................................................................................................................................................................................
............................................................................................................................................................................................................................................................................................................................................................................................
............................................................................................................................................................................................................................................................................................................................................................................................
............................................................................................................................................................................................................................................................................................................................................................................................
............................................................................................................................................................................................................................................................................................................................................................................................
............................................................................................................................................................................................................................................................................................................................................................................................
..@@......@@......@@......@@......@@......@@......@@......@@......@@......@@......@@......@@......@@......@@......@@......@@......@@......@@......@@......@@......@@......@@......@@......@@......@@......@@......@@......@@......@@......@@......@@......@@......@@......@@......@@......@@......@@......@@......@@......@@......@@......@@......@@......@@......@@......@@......@@........
............................................................................................................................................................................................................................................................................................................................................................................................
............................................................................................................................................................................................................................................................................................................................................................................................
............................................................................................................................................................................................................................................................................................................................................................................................
............................................................................................................................................................................................................................................................................................................................................................................................
............................................................................................................................................................................................................................................................................................................................................................................................
............................................................................................................................................................................................................................................................................................................................................................................................
..@@......@@......@@......@@......@@......@@......@@......@@......@@......@@......@@......@@......@@......@@......@@......@@......@@......@@......@@......@@......@@......@@......@@......@@......@@......@@......@@......@@......@@......@@......@@......@@......@@......@@......@@......@@......@@......@@......@@......@@......@@......@@......@@......@@......@@......@@......@@........
............................................................................................................................................................................................................................................................................................................................................................................................
............................................................................................................................................................................................................................................................................................................................................................................................
............................................................................................................................................................................................................................................................................................................................................................................................
............................................................................................................................................................................................................................................................................................................................................................................................
............................................................................................................................................................................................................................................................................................................................................................................................
............................................................................................................................................................................................................................................................................................................................................................................................
..@@......@@......@@......@@......@@......@@......@@......@@......@@......@@......@@......@@......@@......@@......@@......@@......@@......@@......@@......@@......@@......@@......@@......@@......@@......@@......@@......@@......@@......@@......@@......@@......@@......@@......@@......@@......@@......@@......@@......@@......@@......@@......@@......@@......@@......@@......@@........
............................................................................................................................................................................................................................................................................................................................................................................................
............................................................................................................................................................................................................................................................................................................................................................................................
............................................................................................................................................................................................................................................................................................................................................................................................
............................................................................................................................................................................................................................................................................................................................................................................................
............................................................................................................................................................................................................................................................................................................................................................................................
............................................................................................................................................................................................................................................................................................................................................................................................
..@@......@@......@@......@@......@@......@@......@@......@@......@@......@@......@@......@@......@@......@@......@@......@@......@@......@@......@@......@@......@@......@@......@@......@@......@@......@@......@@......@@......@@......@@......@@......@@......@@......@@......@@......@@......@@......@@......@@......@@......@@......@@......@@......@@......@@......@@......@@........
............................................................................................................................................................................................................................................................................................................................................................................................
............................................................................................................................................................................................................................................................................................................................................................................................
............................................................................................................................................................................................................................................................................................................................................................................................
............................................................................................................................................................................................................................................................................................................................................................................................
............................................................................................................................................................................................................................................................................................................................................................................................
............................................................................................................................................................................................................................................................................................................................................................................................
..@@......@@......@@......@@......@@......@@......@@......@@......@@......@@......@@......@@......@@......@@......@@......@@......@@......@@......@@......@@......@@......@@......@@......@@......@@......@@......@@......@@......@@......@@......@@......@@......@@......@@......@@......@@......@@......@@......@@......@@......@@......@@......@@......@@......@@......@@......@@........
............................................................................................................................................................................................................................................................................................................................................................................................
............................................................................................................................................................................................................................................................................................................................................................................................
............................................................................................................................................................................................................................................................................................................................................................................................
............................................................................................................................................................................................................................................................................................................................................................................................
............................................................................................................................................................................................................................................................................................................................................................................................
............................................................................................................................................................................................................................................................................................................................................................................................
..@@......@@......@@......@@......@@......@@......@@......@@......@@......@@......@@......@@......@@......@@......@@......@@......@@......@@......@@......@@......@@......@@......@@......@@......@@......@@......@@......@@......@@......@@......@@......@@......@@......@@......@@......@@......@@......@@......@@......@@......@@......@@......@@......@@......@@......@@......@@........
............................................................................................................................................................................................................................................................................................................................................................................................
............................................................................................................................................................................................................................................................................................................................................................................................
............................................................................................................................................................................................................................................................................................................................................................................................
............................................................................................................................................................................................................................................................................................................................................................................................
............................................................................................................................................................................................................................................................................................................................................................................................
............................................................................................................................................................................................................................................................................................................................................................................................
..@@......@@......@@......@@......@@......@@......@@......@@......@@......@@......@@......@@......@@......@@......@@......@@......@@......@@......@@......@@......@@......@@......@@......@@......@@......@@......@@......@@......@@......@@......@@......@@......@@......@@......@@......@@......@@......@@......@@......@@......@@......@@......@@......@@......@@......@@......@@........
............................................................................................................................................................................................................................................................................................................................................................................................
............................................................................................................................................................................................................................................................................................................................................................................................
............................................................................................................................................................................................................................................................................................................................................................................................
............................................................................................................................................................................................................................................................................................................................................................................................
............................................................................................................................................................................................................................................................................................................................................................................................
............................................................................................................................................................................................................................................................................................................................................................................................
..@@......@@......@@......@@......@@......@@......@@......@@......@@......@@......@@......@@......@@......@@......@@......@@......@@......@@......@@......@@......@@......@@......@@......@@......@@......@@......@@......@@......@@......@@......@@......@@......@@......@@......@@......@@......@@......@@......@@......@@......@@......@@......@@......@@......@@......@@......@@........
............................................................................................................................................................................................................................................................................................................................................................................................
............................................................................................................................................................................................................................................................................................................................................................................................
............................................................................................................................................................................................................................................................................................................................................................................................
............................................................................................................................................................................................................................................................................................................................................................................................
............................................................................................................................................................................................................................................................................................................................................................................................
............................................................................................................................................................................................................................................................................................................................................................................................
..@@......@@......@@......@@......@@......@@......@@......@@......@@......@@......@@......@@......@@......@@......@@......@@......@@......@@......@@......@@......@@......@@......@@......@@......@@......@@......@@......@@......@@......@@......@@......@@......@@......@@......@@......@@......@@......@@......@@......@@......@@......@@......@@......@@......@@......@@......@@........
............................................................................................................................................................................................................................................................................................................................................................................................
............................................................................................................................................................................................................................................................................................................................................................................................
............................................................................................................................................................................................................................................................................................................................................................................................
............................................................................................................................................................................................................................................................................................................................................................................................
............................................................................................................................................................................................................................................................................................................................................................................................
............................................................................................................................................................................................................................................................................................................................................................................................
..@@......@@......@@......@@......@@......@@......@@......@@......@@......@@......@@......@@......@@......@@......@@......@@......@@......@@......@@......@@......@@......@@......@@......@@......@@......@@......@@......@@......@@......@@......@@......@@......@@......@@......@@......@@......@@......@@......@@......@@......@@......@@......@@......@@......@@......@@......@@........
............................................................................................................................................................................................................................................................................................................................................................................................
............................................................................................................................................................................................................................................................................................................................................................................................
............................................................................................................................................................................................................................................................................................................................................................................................
............................................................................................................................................................................................................................................................................................................................................................................................
............................................................................................................................................................................................................................................................................................................................................................................................
............................................................................................................................................................................................................................................................................................................................................................................................
..@@......@@......@@......@@......@@......@@......@@......@@......@@......@@......@@......@@......@@......@@......@@......@@......@@......@@......@@......@@......@@......@@......@@......@@......@@......@@......@@......@@......@@......@@......@@......@@......@@......@@......@@......@@......@@......@@......@@......@@......@@......@@......@@......@@......@@......@@......@@........
............................................................................................................................................................................................................................................................................................................................................................................................
............................................................................................................................................................................................................................................................................................................................................................................................
............................................................................................................................................................................................................................................................................................................................................................................................
............................................................................................................................................................................................................................................................................................................................................................................................
............................................................................................................................................................................................................................................................................................................................................................................................
............................................................................................................................................................................................................................................................................................................................................................................................
..@@......@@......@@......@@......@@......@@......@@......@@......@@......@@......@@......@@......@@......@@......@@......@@......@@......@@......@@......@@......@@......@@......@@......@@......@@......@@......@@......@@......@@......@@......@@......@@......@@......@@......@@......@@......@@......@@......@@......@@......@@......@@......@@......@@......@@......@@......@@........
............................................................................................................................................................................................................................................................................................................................................................................................
............................................................................................................................................................................................................................................................................................................................................................................................
............................................................................................................................................................................................................................................................................................................................................................................................
............................................................................................................................................................................................................................................................................................................................................................................................
............................................................................................................................................................................................................................................................................................................................................................................................
............................................................................................................................................................................................................................................................................................................................................................................................
..@@......@@......@@......@@......@@......@@......@@......@@......@@......@@......@@......@@......@@......@@......@@......@@......@@......@@......@@......@@......@@......@@......@@......@@......@@......@@......@@......@@......@@......@@......@@......@@......@@......@@......@@......@@......@@......@@......@@......@@......@@......@@......@@......@@......@@......@@......@@........
............................................................................................................................................................................................................................................................................................................................................................................................
............................................................................................................................................................................................................................................................................................................................................................................................
............................................................................................................................................................................................................................................................................................................................................................................................
............................................................................................................................................................................................................................................................................................................................................................................................
............................................................................................................................................................................................................................................................................................................................................................................................
............................................................................................................................................................................................................................................................................................................................................................................................
..@@......@@......@@......@@......@@......@@......@@......@@......@@......@@......@@......@@......@@......@@......@@......@@......@@......@@......@@......@@......@@......@@......@@......@@......@@......@@......@@......@@......@@......@@......@@......@@......@@......@@......@@......@@......@@......@@......@@......@@......@@......@@......@@......@@......@@......@@......@@........
............................................................................................................................................................................................................................................................................................................................................................................................
............................................................................................................................................................................................................................................................................................................................................................................................
............................................................................................................................................................................................................................................................................................................................................................................................
............................................................................................................................................................................................................................................................................................................................................................................................
............................................................................................................................................................................................................................................................................................................................................................................................
............................................................................................................................................................................................................................................................................................................................................................................................
..@@......@@......@@......@@......@@......@@......@@......@@......@@......@@......@@......@@......@@......@@......@@......@@......@@......@@......@@......@@......@@......@@......@@......@@......@@......@@......@@......@@......@@......@@......@@......@@......@@......@@......@@......@@......@@......@@......@@......@@......@@......@@......@@......@@......@@......@@......@@........
............................................................................................................................................................................................................................................................................................................................................................................................
............................................................................................................................................................................................................................................................................................................................................................................................
............................................................................................................................................................................................................................................................................................................................................................................................
............................................................................................................................................................................................................................................................................................................................................................................................
............................................................................................................................................................................................................................................................................................................................................................................................
............................................................................................................................................................................................................................................................................................................................................................................................
..@@......@@......@@......@@......@@......@@......@@......@@......@@......@@......@@......@@......@@......@@......@@......@@......@@......@@......@@......@@......@@......@@......@@......@@......@@......@@......@@......@@......@@......@@......@@......@@......@@......@@......@@......@@......@@......@@......@@......@@......@@......@@......@@......@@......@@......@@......@@........
............................................................................................................................................................................................................................................................................................................................................................................................
............................................................................................................................................................................................................................................................................................................................................................................................
............................................................................................................................................................................................................................................................................................................................................................................................
............................................................................................................................................................................................................................................................................................................................................................................................
............................................................................................................................................................................................................................................................................................................................................................................................
............................................................................................................................................................................................................................................................................................................................................................................................
..@@......@@......@@......@@......@@......@@......@@......@@......@@......@@......@@......@@......@@......@@......@@......@@......@@......@@......@@......@@......@@......@@......@@......@@......@@......@@......@@......@@......@@......@@......@@......@@......@@......@@......@@......@@......@@......@@......@@......@@......@@......@@......@@......@@......@@......@@......@@........
............................................................................................................................................................................................................................................................................................................................................................................................
............................................................................................................................................................................................................................................................................................................................................................................................
............................................................................................................................................................................................................................................................................................................................................................................................
............................................................................................................................................................................................................................................................................................................................................................................................
............................................................................................................................................................................................................................................................................................................................................................................................
............................................................................................................................................................................................................................................................................................................................................................................................
..@@......@@......@@......@@......@@......@@......@@......@@......@@......@@......@@......@@......@@......@@......@@......@@......@@......@@......@@......@@......@@......@@......@@......@@......@@......@@......@@......@@......@@......@@......@@......@@......@@......@@......@@......@@......@@......@@......@@......@@......@@......@@......@@......@@......@@......@@......@@........
............................................................................................................................................................................................................................................................................................................................................................................................
............................................................................................................................................................................................................................................................................................................................................................................................
............................................................................................................................................................................................................................................................................................................................................................................................
............................................................................................................................................................................................................................................................................................................................................................................................
............................................................................................................................................................................................................................................................................................................................................................................................
............................................................................................................................................................................................................................................................................................................................................................................................
..@@......@@......@@......@@......@@......@@......@@......@@......@@......@@......@@......@@......@@......@@......@@......@@......@@......@@......@@......@@......@@......@@......@@......@@......@@......@@......@@......@@......@@......@@......@@......@@......@@......@@......@@......@@......@@......@@......@@......@@......@@......@@......@@......@@......@@......@@......@@........
............................................................................................................................................................................................................................................................................................................................................................................................
............................................................................................................................................................................................................................................................................................................................................................................................
............................................................................................................................................................................................................................................................................................................................................................................................
............................................................................................................................................................................................................................................................................................................................................................................................
............................................................................................................................................................................................................................................................................................................................................................................................
............................................................................................................................................................................................................................................................................................................................................................................................
..@@......@@......@@......@@......@@......@@......@@......@@......@@......@@......@@......@@......@@......@@......@@......@@......@@......@@......@@......@@......@@......@@......@@......@@......@@......@@......@@......@@......@@......@@......@@......@@......@@......@@......@@......@@......@@......@@......@@......@@......@@......@@......@@......@@......@@......@@......@@........
............................................................................................................................................................................................................................................................................................................................................................................................
............................................................................................................................................................................................................................................................................................................................................................................................
............................................................................................................................................................................................................................................................................................................................................................................................
............................................................................................................................................................................................................................................................................................................................................................................................
............................................................................................................................................................................................................................................................................................................................................................................................
............................................................................................................................................................................................................................................................................................................................................................................................
..@@......@@......@@......@@......@@......@@......@@......@@......@@......@@......@@......@@......@@......@@......@@......@@......@@......@@......@@......@@......@@......@@......@@......@@......@@......@@......@@......@@......@@......@@......@@......@@......@@......@@......@@......@@......@@......@@......@@......@@......@@......@@......@@......@@......@@......@@......@@........
............................................................................................................................................................................................................................................................................................................................................................................................
............................................................................................................................................................................................................................................................................................................................................................................................
............................................................................................................................................................................................................................................................................................................................................................................................
............................................................................................................................................................................................................................................................................................................................................................................................
............................................................................................................................................................................................................................................................................................................................................................................................
............................................................................................................................................................................................................................................................................................................................................................................................
..@@......@@......@@......@@......@@......@@......@@......@@......@@......@@......@@......@@......@@......@@......@@......@@......@@......@@......@@......@@......@@......@@......@@......@@......@@......@@......@@......@@......@@......@@......@@......@@......@@......@@......@@......@@......@@......@@......@@......@@......@@......@@......@@......@@......@@......@@......@@........
............................................................................................................................................................................................................................................................................................................................................................................................
............................................................................................................................................................................................................................................................................................................................................................................................
............................................................................................................................................................................................................................................................................................................................................................................................
............................................................................................................................................................................................................................................................................................................................................................................................
............................................................................................................................................................................................................................................................................................................................................................................................
............................................................................................................................................................................................................................................................................................................................................................................................
..@@......@@......@@......@@......@@......@@......@@......@@......@@......@@......@@......@@......@@......@@......@@......@@......@@......@@......@@......@@......@@......@@......@@......@@......@@......@@......@@......@@......@@......@@......@@......@@......@@......@@......@@......@@......@@......@@......@@......@@......@@......@@......@@......@@......@@......@@......@@........
............................................................................................................................................................................................................................................................................................................................................................................................
............................................................................................................................................................................................................................................................................................................................................................................................
............................................................................................................................................................................................................................................................................................................................................................................................
............................................................................................................................................................................................................................................................................................................................................................................................
............................................................................................................................................................................................................................................................................................................................................................................................
............................................................................................................................................................................................................................................................................................................................................................................................
..@@......@@......@@......@@......@@......@@......@@......@@......@@......@@......@@......@@......@@......@@......@@......@@......@@......@@......@@......@@......@@......@@......@@......@@......@@......@@......@@......@@......@@......@@......@@......@@......@@......@@......@@......@@......@@......@@......@@......@@......@@......@@......@@......@@......@@......@@......@@........
............................................................................................................................................................................................................................................................................................................................................................................................
............................................................................................................................................................................................................................................................................................................................................................................................
............................................................................................................................................................................................................................................................................................................................................................................................
............................................................................................................................................................................................................................................................................................................................................................................................
............................................................................................................................................................................................................................................................................................................................................................................................
............................................................................................................................................................................................................................................................................................................................................................................................
..@@......@@......@@......@@......@@......@@......@@......@@......@@......@@......@@......@@......@@......@@......@@......@@......@@......@@......@@......@@......@@......@@......@@......@@......@@......@@......@@......@@......@@......@@......@@......@@......@@......@@......@@......@@......@@......@@......@@......@@......@@......@@......@@......@@......@@......@@......@@........
............................................................................................................................................................................................................................................................................................................................................................................................
............................................................................................................................................................................................................................................................................................................................................................................................
............................................................................................................................................................................................................................................................................................................................................................................................
............................................................................................................................................................................................................................................................................................................................................................................................
............................................................................................................................................................................................................................................................................................................................................................................................
............................................................................................................................................................................................................................................................................................................................................................................................
..@@......@@......@@......@@......@@......@@......@@......@@......@@......@@......@@......@@......@@......@@......@@......@@......@@......@@......@@......@@......@@......@@......@@......@@......@@......@@......@@......@@......@@......@@......@@......@@......@@......@@......@@......@@......@@......@@......@@......@@......@@......@@......@@......@@......@@......@@......@@........
............................................................................................................................................................................................................................................................................................................................................................................................
............................................................................................................................................................................................................................................................................................................................................................................................
............................................................................................................................................................................................................................................................................................................................................................................................
............................................................................................................................................................................................................................................................................................................................................................................................
............................................................................................................................................................................................................................................................................................................................................................................................
............................................................................................................................................................................................................................................................................................................................................................................................
..@@......@@......@@......@@......@@......@@......@@......@@......@@......@@......@@......@@......@@......@@......@@......@@......@@......@@......@@......@@......@@......@@......@@......@@......@@......@@......@@......@@......@@......@@......@@......@@......@@......@@......@@......@@......@@......@@......@@......@@......@@......@@......@@......@@......@@......@@......@@........
............................................................................................................................................................................................................................................................................................................................................................................................
............................................................................................................................................................................................................................................................................................................................................................................................
............................................................................................................................................................................................................................................................................................................................................................................................
............................................................................................................................................................................................................................................................................................................................................................................................
............................................................................................................................................................................................................................................................................................................................................................................................
............................................................................................................................................................................................................................................................................................................................................................................................
..@@......@@......@@......@@......@@......@@......@@......@@......@@......@@......@@......@@......@@......@@......@@......@@......@@......@@......@@......@@......@@......@@......@@......@@......@@......@@......@@......@@......@@......@@......@@......@@......@@......@@......@@......@@......@@......@@......@@......@@......@@......@@......@@......@@......@@......@@......@@........
............................................................................................................................................................................................................................................................................................................................................................................................
............................................................................................................................................................................................................................................................................................................................................................................................
............................................................................................................................................................................................................................................................................................................................................................................................
............................................................................................................................................................................................................................................................................................................................................................................................
............................................................................................................................................................................................................................................................................................................................................................................................
............................................................................................................................................................................................................................................................................................................................................................................................
..@@......@@......@@......@@......@@......@@......@@......@@......@@......@@......@@......@@......@@......@@......@@......@@......@@......@@......@@......@@......@@......@@......@@......@@......@@......@@......@@......@@......@@......@@......@@......@@......@@......@@......@@......@@......@@......@@......@@......@@......@@......@@......@@......@@......@@......@@......@@........
............................................................................................................................................................................................................................................................................................................................................................................................
............................................................................................................................................................................................................................................................................................................................................................................................
............................................................................................................................................................................................................................................................................................................................................................................................
............................................................................................................................................................................................................................................................................................................................................................................................
............................................................................................................................................................................................................................................................................................................................................................................................
............................................................................................................................................................................................................................................................................................................................................................................................
..@@......@@......@@......@@......@@......@@......@@......@@......@@......@@......@@......@@......@@......@@......@@......@@......@@......@@......@@......@@......@@......@@......@@......@@......@@......@@......@@......@@......@@......@@......@@......@@......@@......@@......@@......@@......@@......@@......@@......@@......@@......@@......@@......@@......@@......@@......@@........
............................................................................................................................................................................................................................................................................................................................................................................................
............................................................................................................................................................................................................................................................................................................................................................................................
............................................................................................................................................................................................................................................................................................................................................................................................
............................................................................................................................................................................................................................................................................................................................................................................................
............................................................................................................................................................................................................................................................................................................................................................................................
............................................................................................................................................................................................................................................................................................................................................................................................
..@@......@@......@@......@@......@@......@@......@@......@@......@@......@@......@@......@@......@@......@@......@@......@@......@@......@@......@@......@@......@@......@@......@@......@@......@@......@@......@@......@@......@@......@@......@@......@@......@@......@@......@@......@@......@@......@@......@@......@@......@@......@@......@@......@@......@@......@@......@@........
............................................................................................................................................................................................................................................................................................................................................................................................
............................................................................................................................................................................................................................................................................................................................................................................................
............................................................................................................................................................................................................................................................................................................................................................................................
............................................................................................................................................................................................................................................................................................................................................................................................
............................................................................................................................................................................................................................................................................................................................................................................................
............................................................................................................................................................................................................................................................................................................................................................................................
..@@......@@......@@......@@......@@......@@......@@......@@......@@......@@......@@......@@......@@......@@......@@......@@......@@......@@......@@......@@......@@......@@......@@......@@......@@......@@......@@......@@......@@......@@......@@......@@......@@......@@......@@......@@......@@......@@......@@......@@......@@......@@......@@......@@......@@......@@......@@........
............................................................................................................................................................................................................................................................................................................................................................................................
............................................................................................................................................................................................................................................................................................................................................................................................
............................................................................................................................................................................................................................................................................................................................................................................................
............................................................................................................................................................................................................................................................................................................................................................................................
............................................................................................................................................................................................................................................................................................................................................................................................
............................................................................................................................................................................................................................................................................................................................................................................................
............................................................................................................................................................................................................................................................................................................................................................................................
............................................................................................................................................................................................................................................................................................................................................................................................
