type octile
height 91
width 12
map
............
............
..@@..@@....
............
............
..@@..@@....
............
............
..@@..@@....
............
............
..@@..@@....
............
............
..@@..@@....
............
............
..@@..@@....
............
............
..@@..@@....
............
............
..@@..@@....
............
............
..@@..@@....
............
............
..@@..@@....
............
............
..@@..@@....
............
............
..@@..@@....
............
............
..@@..@@....
............
............
..@@..@@....
............
............
..@@..@@....
............
............
..@@..@@....
............
............
..@@..@@....
............
............
..@@..@@....
............
............
..@@..@@....
............
............
..@@..@@....
............
............
..@@..@@....
............
............
..@@..@@....
............
............
..@@..@@....
............
............
..@@..@@....
............
............
..@@..@@....
............
............
..@@..@@....
............
............
..@@..@@....
............
............
..@@..@@....
............
............
..@@..@@....
............
............
............
............
