type octile
height 136
width 277
map
.....................................................................................................................................................................................................................................................................................
.....................................................................................................................................................................................................................................................................................
..@@.....@@.....@@.....@@.....@@.....@@.....@@.....@@.....@@.....@@.....@@.....@@.....@@.....@@.....@@.....@@.....@@.....@@.....@@.....@@.....@@.....@@.....@@.....@@.....@@.....@@.....@@.....@@.....@@.....@@.....@@.....@@.....@@.....@@.....@@.....@@.....@@.....@@.....@@.......
.....................................................................................................................................................................................................................................................................................
.....................................................................................................................................................................................................................................................................................
.....................................................................................................................................................................................................................................................................................
.....................................................................................................................................................................................................................................................................................
.....................................................................................................................................................................................................................................................................................
..@@.....@@.....@@.....@@.....@@.....@@.....@@.....@@.....@@.....@@.....@@.....@@.....@@.....@@.....@@.....@@.....@@.....@@.....@@.....@@.....@@.....@@.....@@.....@@.....@@.....@@.....@@.....@@.....@@.....@@.....@@.....@@.....@@.....@@.....@@.....@@.....@@.....@@.....@@.......
.....................................................................................................................................................................................................................................................................................
.....................................................................................................................................................................................................................................................................................
.....................................................................................................................................................................................................................................................................................
.....................................................................................................................................................................................................................................................................................
.....................................................................................................................................................................................................................................................................................
..@@.....@@.....@@.....@@.....@@.....@@.....@@.....@@.....@@.....@@.....@@.....@@.....@@.....@@.....@@.....@@.....@@.....@@.....@@.....@@.....@@.....@@.....@@.....@@.....@@.....@@.....@@.....@@.....@@.....@@.....@@.....@@.....@@.....@@.....@@.....@@.....@@.....@@.....@@.......
.....................................................................................................................................................................................................................................................................................
.....................................................................................................................................................................................................................................................................................
.....................................................................................................................................................................................................................................................................................
.....................................................................................................................................................................................................................................................................................
.....................................................................................................................................................................................................................................................................................
..@@.....@@.....@@.....@@.....@@.....@@.....@@.....@@.....@@.....@@.....@@.....@@.....@@.....@@.....@@.....@@.....@@.....@@.....@@.....@@.....@@.....@@.....@@.....@@.....@@.....@@.....@@.....@@.....@@.....@@.....@@.....@@.....@@.....@@.....@@.....@@.....@@.....@@.....@@.......
.....................................................................................................................................................................................................................................................................................
.....................................................................................................................................................................................................................................................................................
.....................................................................................................................................................................................................................................................................................
.....................................................................................................................................................................................................................................................................................
.....................................................................................................................................................................................................................................................................................
..@@.....@@.....@@.....@@.....@@.....@@.....@@.....@@.....@@.....@@.....@@.....@@.....@@.....@@.....@@.....@@.....@@.....@@.....@@.....@@.....@@.....@@.....@@.....@@.....@@.....@@.....@@.....@@.....@@.....@@.....@@.....@@.....@@.....@@.....@@.....@@.....@@.....@@.....@@.......
.....................................................................................................................................................................................................................................................................................
.....................................................................................................................................................................................................................................................................................
.....................................................................................................................................................................................................................................................................................
.....................................................................................................................................................................................................................................................................................
.....................................................................................................................................................................................................................................................................................
..@@.....@@.....@@.....@@.....@@.....@@.....@@.....@@.....@@.....@@.....@@.....@@.....@@.....@@.....@@.....@@.....@@.....@@.....@@.....@@.....@@.....@@.....@@.....@@.....@@.....@@.....@@.....@@.....@@.....@@.....@@.....@@.....@@.....@@.....@@.....@@.....@@.....@@.....@@.......
.....................................................................................................................................................................................................................................................................................
.....................................................................................................................................................................................................................................................................................
.....................................................................................................................................................................................................................................................................................
.....................................................................................................................................................................................................................................................................................
.....................................................................................................................................................................................................................................................................................
..@@.....@@.....@@.....@@.....@@.....@@.....@@.....@@.....@@.....@@.....@@.....@@.....@@.....@@.....@@.....@@.....@@.....@@.....@@.....@@.....@@.....@@.....@@.....@@.....@@.....@@.....@@.....@@.....@@.....@@.....@@.....@@.....@@.....@@.....@@.....@@.....@@.....@@.....@@.......
.....................................................................................................................................................................................................................................................................................
.....................................................................................................................................................................................................................................................................................
.....................................................................................................................................................................................................................................................................................
.....................................................................................................................................................................................................................................................................................
.....................................................................................................................................................................................................................................................................................
..@@.....@@.....@@.....@@.....@@.....@@.....@@.....@@.....@@.....@@.....@@.....@@.....@@.....@@.....@@.....@@.....@@.....@@.....@@.....@@.....@@.....@@.....@@.....@@.....@@.....@@.....@@.....@@.....@@.....@@.....@@.....@@.....@@.....@@.....@@.....@@.....@@.....@@.....@@.......
.....................................................................................................................................................................................................................................................................................
.....................................................................................................................................................................................................................................................................................
.....................................................................................................................................................................................................................................................................................
.....................................................................................................................................................................................................................................................................................
.....................................................................................................................................................................................................................................................................................
..@@.....@@.....@@.....@@.....@@.....@@.....@@.....@@.....@@.....@@.....@@.....@@.....@@.....@@.....@@.....@@.....@@.....@@.....@@.....@@.....@@.....@@.....@@.....@@.....@@.....@@.....@@.....@@.....@@.....@@.....@@.....@@.....@@.....@@.....@@.....@@.....@@.....@@.....@@.......
.....................................................................................................................................................................................................................................................................................
.....................................................................................................................................................................................................................................................................................
.....................................................................................................................................................................................................................................................................................
.....................................................................................................................................................................................................................................................................................
.....................................................................................................................................................................................................................................................................................
..@@.....@@.....@@.....@@.....@@.....@@.....@@.....@@.....@@.....@@.....@@.....@@.....@@.....@@.....@@.....@@.....@@.....@@.....@@.....@@.....@@.....@@.....@@.....@@.....@@.....@@.....@@.....@@.....@@.....@@.....@@.....@@.....@@.....@@.....@@.....@@.....@@.....@@.....@@.......
.....................................................................................................................................................................................................................................................................................
.....................................................................................................................................................................................................................................................................................
.....................................................................................................................................................................................................................................................................................
.....................................................................................................................................................................................................................................................................................
.....................................................................................................................................................................................................................................................................................
..@@.....@@.....@@.....@@.....@@.....@@.....@@.....@@.....@@.....@@.....@@.....@@.....@@.....@@.....@@.....@@.....@@.....@@.....@@.....@@.....@@.....@@.....@@.....@@.....@@.....@@.....@@.....@@.....@@.....@@.....@@.....@@.....@@.....@@.....@@.....@@.....@@.....@@.....@@.......
.....................................................................................................................................................................................................................................................................................
.....................................................................................................................................................................................................................................................................................
.....................................................................................................................................................................................................................................................................................
.....................................................................................................................................................................................................................................................................................
.....................................................................................................................................................................................................................................................................................
..@@.....@@.....@@.....@@.....@@.....@@.....@@.....@@.....@@.....@@.....@@.....@@.....@@.....@@.....@@.....@@.....@@.....@@.....@@.....@@.....@@.....@@.....@@.....@@.....@@.....@@.....@@.....@@.....@@.....@@.....@@.....@@.....@@.....@@.....@@.....@@.....@@.....@@.....@@.......
.....................................................................................................................................................................................................................................................................................
.....................................................................................................................................................................................................................................................................................
.....................................................................................................................................................................................................................................................................................
.....................................................................................................................................................................................................................................................................................
.....................................................................................................................................................................................................................................................................................
..@@.....@@.....@@.....@@.....@@.....@@.....@@.....@@.....@@.....@@.....@@.....@@.....@@.....@@.....@@.....@@.....@@.....@@.....@@.....@@.....@@.....@@.....@@.....@@.....@@.....@@.....@@.....@@.....@@.....@@.....@@.....@@.....@@.....@@.....@@.....@@.....@@.....@@.....@@.......
.....................................................................................................................................................................................................................................................................................
.....................................................................................................................................................................................................................................................................................
.....................................................................................................................................................................................................................................................................................
.....................................................................................................................................................................................................................................................................................
.....................................................................................................................................................................................................................................................................................
..@@.....@@.....@@.....@@.....@@.....@@.....@@.....@@.....@@.....@@.....@@.....@@.....@@.....@@.....@@.....@@.....@@.....@@.....@@.....@@.....@@.....@@.....@@.....@@.....@@.....@@.....@@.....@@.....@@.....@@.....@@.....@@.....@@.....@@.....@@.....@@.....@@.....@@.....@@.......
.....................................................................................................................................................................................................................................................................................
.....................................................................................................................................................................................................................................................................................
.....................................................................................................................................................................................................................................................................................
.....................................................................................................................................................................................................................................................................................
.....................................................................................................................................................................................................................................................................................
..@@.....@@.....@@.....@@.....@@.....@@.....@@.....@@.....@@.....@@.....@@.....@@.....@@.....@@.....@@.....@@.....@@.....@@.....@@.....@@.....@@.....@@.....@@.....@@.....@@.....@@.....@@.....@@.....@@.....@@.....@@.....@@.....@@.....@@.....@@.....@@.....@@.....@@.....@@.......
.....................................................................................................................................................................................................................................................................................
.....................................................................................................................................................................................................................................................................................
.....................................................................................................................................................................................................................................................................................
.....................................................................................................................................................................................................................................................................................
.....................................................................................................................................................................................................................................................................................
..@@.....@@.....@@.....@@.....@@.....@@.....@@.....@@.....@@.....@@.....@@.....@@.....@@.....@@.....@@.....@@.....@@.....@@.....@@.....@@.....@@.....@@.....@@.....@@.....@@.....@@.....@@.....@@.....@@.....@@.....@@.....@@.....@@.....@@.....@@.....@@.....@@.....@@.....@@.......
.....................................................................................................................................................................................................................................................................................
.....................................................................................................................................................................................................................................................................................
.....................................................................................................................................................................................................................................................................................
.....................................................................................................................................................................................................................................................................................
.....................................................................................................................................................................................................................................................................................
..@@.....@@.....@@.....@@.....@@.....@@.....@@.....@@.....@@.....@@.....@@.....@@.....@@.....@@.....@@.....@@.....@@.....@@.....@@.....@@.....@@.....@@.....@@.....@@.....@@.....@@.....@@.....@@.....@@.....@@.....@@.....@@.....@@.....@@.....@@.....@@.....@@.....@@.....@@.......
.....................................................................................................................................................................................................................................................................................
.....................................................................................................................................................................................................................................................................................
.....................................................................................................................................................................................................................................................................................
.....................................................................................................................................................................................................................................................................................
.....................................................................................................................................................................................................................................................................................
..@@.....@@.....@@.....@@.....@@.....@@.....@@.....@@.....@@.....@@.....@@.....@@.....@@.....@@.....@@.....@@.....@@.....@@.....@@.....@@.....@@.....@@.....@@.....@@.....@@.....@@.....@@.....@@.....@@.....@@.....@@.....@@.....@@.....@@.....@@.....@@.....@@.....@@.....@@.......
.....................................................................................................................................................................................................................................................................................
.....................................................................................................................................................................................................................................................................................
.....................................................................................................................................................................................................................................................................................
.....................................................................................................................................................................................................................................................................................
.....................................................................................................................................................................................................................................................................................
..@@.....@@.....@@.....@@.....@@.....@@.....@@.....@@.....@@.....@@.....@@.....@@.....@@.....@@.....@@.....@@.....@@.....@@.....@@.....@@.....@@.....@@.....@@.....@@.....@@.....@@.....@@.....@@.....@@.....@@.....@@.....@@.....@@.....@@.....@@.....@@.....@@.....@@.....@@.......
.....................................................................................................................................................................................................................................................................................
.....................................................................................................................................................................................................................................................................................
.....................................................................................................................................................................................................................................................................................
.....................................................................................................................................................................................................................................................................................
.....................................................................................................................................................................................................................................................................................
..@@.....@@.....@@.....@@.....@@.....@@.....@@.....@@.....@@.....@@.....@@.....@@.....@@.....@@.....@@.....@@.....@@.....@@.....@@.....@@.....@@.....@@.....@@.....@@.....@@.....@@.....@@.....@@.....@@.....@@.....@@.....@@.....@@.....@@.....@@.....@@.....@@.....@@.....@@.......
.....................................................................................................................................................................................................................................................................................
.....................................................................................................................................................................................................................................................................................
.....................................................................................................................................................................................................................................................................................
.....................................................................................................................................................................................................................................................................................
.....................................................................................................................................................................................................................................................................................
..@@.....@@.....@@.....@@.....@@.....@@.....@@.....@@.....@@.....@@.....@@.....@@.....@@.....@@.....@@.....@@.....@@.....@@.....@@.....@@.....@@.....@@.....@@.....@@.....@@.....@@.....@@.....@@.....@@.....@@.....@@.....@@.....@@.....@@.....@@.....@@.....@@.....@@.....@@.......
.....................................................................................................................................................................................................................................................................................
.....................................................................................................................................................................................................................................................................................
.....................................................................................................................................................................................................................................................................................
.....................................................................................................................................................................................................................................................................................
.....................................................................................................................................................................................................................................................................................
..@@.....@@.....@@.....@@.....@@.....@@.....@@.....@@.....@@.....@@.....@@.....@@.....@@.....@@.....@@.....@@.....@@.....@@.....@@.....@@.....@@.....@@.....@@.....@@.....@@.....@@.....@@.....@@.....@@.....@@.....@@.....@@.....@@.....@@.....@@.....@@.....@@.....@@.....@@.......
.....................................................................................................................................................................................................................................................................................
.....................................................................................................................................................................................................................................................................................
.....................................................................................................................................................................................................................................................................................
.....................................................................................................................................................................................................................................................................................
.....................................................................................................................................................................................................................................................................................
.....................................................................................................................................................................................................................................................................................
.....................................................................................................................................................................................................................................................................................
